// Jest Snapshot v1, https://goo.gl/fbAQLP

exports[`VUserSearchForm renders the component 1`] = `<form><input data-test="search-input" type="text"> <button data-test="search-button" type="submit">Submit</button></form>`;
